# serializer version: 1
# name: test_edit
  dict({
    'stats': dict({
      'Ashlin Kelly': dict({
        'assists': 0,
        'callahan': 0,
        'catches': 0,
        'completions': 0,
        'd_blocks': 0,
        'd_efficiency': 0.0,
        'd_points_against': 1,
        'd_points_for': 0,
        'drops': 0,
        'goals': 0,
        'o_efficiency': 1.0,
        'o_points_against': 0,
        'o_points_for': 1,
        'pay': 1000,
        'points_played': 2,
        'pulls': 0,
        'salary_per_point': 500,
        'second_assists': 0,
        'team': 'Kells Angels Bicycle Club',
        'threw_drops': 0,
        'throw_aways': 0,
        'total_efficiency': 0.5,
      }),
      'Benjamin Piper': dict({
        'assists': 1,
        'callahan': 0,
        'catches': 2,
        'completions': 1,
        'd_blocks': 0,
        'd_efficiency': 0.0,
        'd_points_against': 0,
        'd_points_for': 0,
        'drops': 0,
        'goals': 0,
        'o_efficiency': 0.5,
        'o_points_against': 1,
        'o_points_for': 1,
        'pay': 11500,
        'points_played': 2,
        'pulls': 0,
        'salary_per_point': 5750,
        'second_assists': 0,
        'team': 'Kells Angels Bicycle Club',
        'threw_drops': 1,
        'throw_aways': 0,
        'total_efficiency': 0.5,
      }),
      'Brent Burton': dict({
        'assists': 0,
        'callahan': 0,
        'catches': 0,
        'completions': 0,
        'd_blocks': 0,
        'd_efficiency': 0.0,
        'd_points_against': 1,
        'd_points_for': 0,
        'drops': 0,
        'goals': 0,
        'o_efficiency': 1.0,
        'o_points_against': 0,
        'o_points_for': 1,
        'pay': 1000,
        'points_played': 2,
        'pulls': 0,
        'salary_per_point': 500,
        'second_assists': 0,
        'team': '99 Problems',
        'threw_drops': 0,
        'throw_aways': 0,
        'total_efficiency': 0.5,
      }),
      'Brian Kells': dict({
        'assists': 0,
        'callahan': 0,
        'catches': 0,
        'completions': 1,
        'd_blocks': 0,
        'd_efficiency': 0.0,
        'd_points_against': 1,
        'd_points_for': 0,
        'drops': 0,
        'goals': 0,
        'o_efficiency': 1.0,
        'o_points_against': 0,
        'o_points_for': 1,
        'pay': 9500,
        'points_played': 2,
        'pulls': 0,
        'salary_per_point': 4750,
        'second_assists': 1,
        'team': 'Kells Angels Bicycle Club',
        'threw_drops': 0,
        'throw_aways': 0,
        'total_efficiency': 0.5,
      }),
      'Carrie-Anne Whyte': dict({
        'assists': 0,
        'callahan': 0,
        'catches': 0,
        'completions': 0,
        'd_blocks': 0,
        'd_efficiency': 0.0,
        'd_points_against': 0,
        'd_points_for': 0,
        'drops': 1,
        'goals': 0,
        'o_efficiency': 0.5,
        'o_points_against': 1,
        'o_points_for': 1,
        'pay': -3000,
        'points_played': 2,
        'pulls': 0,
        'salary_per_point': -1500,
        'second_assists': 0,
        'team': 'Kells Angels Bicycle Club',
        'threw_drops': 0,
        'throw_aways': 0,
        'total_efficiency': 0.5,
      }),
      'Chris Sullivan': dict({
        'assists': 0,
        'callahan': 0,
        'catches': 0,
        'completions': 1,
        'd_blocks': 0,
        'd_efficiency': 0.5,
        'd_points_against': 1,
        'd_points_for': 1,
        'drops': 0,
        'goals': 0,
        'o_efficiency': 0.0,
        'o_points_against': 0,
        'o_points_for': 0,
        'pay': 10500,
        'points_played': 2,
        'pulls': 0,
        'salary_per_point': 5250,
        'second_assists': 1,
        'team': '99 Problems',
        'threw_drops': 0,
        'throw_aways': 0,
        'total_efficiency': 0.5,
      }),
      'Christine Beals': dict({
        'assists': 0,
        'callahan': 0,
        'catches': 0,
        'completions': 0,
        'd_blocks': 0,
        'd_efficiency': 0.0,
        'd_points_against': 1,
        'd_points_for': 0,
        'drops': 0,
        'goals': 0,
        'o_efficiency': 1.0,
        'o_points_against': 0,
        'o_points_for': 1,
        'pay': 1000,
        'points_played': 2,
        'pulls': 0,
        'salary_per_point': 500,
        'second_assists': 0,
        'team': 'Kells Angels Bicycle Club',
        'threw_drops': 0,
        'throw_aways': 0,
        'total_efficiency': 0.5,
      }),
      'Christopher Keates': dict({
        'assists': 0,
        'callahan': 0,
        'catches': 2,
        'completions': 1,
        'd_blocks': 0,
        'd_efficiency': 0.5,
        'd_points_against': 1,
        'd_points_for': 1,
        'drops': 0,
        'goals': 2,
        'o_efficiency': 1.0,
        'o_points_against': 0,
        'o_points_for': 1,
        'pay': 32500,
        'points_played': 3,
        'pulls': 0,
        'salary_per_point': 10833,
        'second_assists': 1,
        'team': '99 Problems',
        'threw_drops': 0,
        'throw_aways': 0,
        'total_efficiency': 0.6666666666666666,
      }),
      'Jason Fraser': dict({
        'assists': 0,
        'callahan': 0,
        'catches': 0,
        'completions': 0,
        'd_blocks': 0,
        'd_efficiency': 0.0,
        'd_points_against': 1,
        'd_points_for': 0,
        'drops': 0,
        'goals': 0,
        'o_efficiency': 1.0,
        'o_points_against': 0,
        'o_points_for': 1,
        'pay': 1000,
        'points_played': 2,
        'pulls': 0,
        'salary_per_point': 500,
        'second_assists': 0,
        'team': '99 Problems',
        'threw_drops': 0,
        'throw_aways': 0,
        'total_efficiency': 0.5,
      }),
      'Jessie Robinson': dict({
        'assists': 1,
        'callahan': 0,
        'catches': 1,
        'completions': 1,
        'd_blocks': 0,
        'd_efficiency': 0.5,
        'd_points_against': 1,
        'd_points_for': 1,
        'drops': 0,
        'goals': 0,
        'o_efficiency': 0.0,
        'o_points_against': 0,
        'o_points_for': 0,
        'pay': 13000,
        'points_played': 2,
        'pulls': 0,
        'salary_per_point': 6500,
        'second_assists': 0,
        'team': '99 Problems',
        'threw_drops': 0,
        'throw_aways': 0,
        'total_efficiency': 0.5,
      }),
      'Jim Robinson': dict({
        'assists': 0,
        'callahan': 0,
        'catches': 1,
        'completions': 0,
        'd_blocks': 0,
        'd_efficiency': 0.0,
        'd_points_against': 0,
        'd_points_for': 0,
        'drops': 0,
        'goals': 1,
        'o_efficiency': 0.5,
        'o_points_against': 1,
        'o_points_for': 1,
        'pay': 11500,
        'points_played': 2,
        'pulls': 0,
        'salary_per_point': 5750,
        'second_assists': 0,
        'team': 'Kells Angels Bicycle Club',
        'threw_drops': 0,
        'throw_aways': 0,
        'total_efficiency': 0.5,
      }),
      'Jonathan Champagne': dict({
        'assists': 0,
        'callahan': 0,
        'catches': 0,
        'completions': 0,
        'd_blocks': 0,
        'd_efficiency': 0.0,
        'd_points_against': 1,
        'd_points_for': 0,
        'drops': 0,
        'goals': 0,
        'o_efficiency': 1.0,
        'o_points_against': 0,
        'o_points_for': 1,
        'pay': 1000,
        'points_played': 2,
        'pulls': 0,
        'salary_per_point': 500,
        'second_assists': 0,
        'team': 'Kells Angels Bicycle Club',
        'threw_drops': 0,
        'throw_aways': 0,
        'total_efficiency': 0.5,
      }),
      'Justine Price': dict({
        'assists': 1,
        'callahan': 0,
        'catches': 1,
        'completions': 1,
        'd_blocks': 0,
        'd_efficiency': 0.0,
        'd_points_against': 1,
        'd_points_for': 0,
        'drops': 0,
        'goals': 0,
        'o_efficiency': 1.0,
        'o_points_against': 0,
        'o_points_for': 1,
        'pay': 12000,
        'points_played': 2,
        'pulls': 0,
        'salary_per_point': 6000,
        'second_assists': 0,
        'team': '99 Problems',
        'threw_drops': 0,
        'throw_aways': 0,
        'total_efficiency': 0.5,
      }),
      'Krys Kudakiewicz': dict({
        'assists': 0,
        'callahan': 0,
        'catches': 0,
        'completions': 0,
        'd_blocks': 0,
        'd_efficiency': 0.5,
        'd_points_against': 1,
        'd_points_for': 1,
        'drops': 0,
        'goals': 0,
        'o_efficiency': 0.0,
        'o_points_against': 0,
        'o_points_for': 0,
        'pay': 2000,
        'points_played': 2,
        'pulls': 0,
        'salary_per_point': 1000,
        'second_assists': 0,
        'team': '99 Problems',
        'threw_drops': 0,
        'throw_aways': 0,
        'total_efficiency': 0.5,
      }),
      'Martin Cloake': dict({
        'assists': 0,
        'callahan': 0,
        'catches': 1,
        'completions': 0,
        'd_blocks': 0,
        'd_efficiency': 0.0,
        'd_points_against': 1,
        'd_points_for': 0,
        'drops': 0,
        'goals': 1,
        'o_efficiency': 1.0,
        'o_points_against': 0,
        'o_points_for': 1,
        'pay': 11500,
        'points_played': 2,
        'pulls': 0,
        'salary_per_point': 5750,
        'second_assists': 0,
        'team': 'Kells Angels Bicycle Club',
        'threw_drops': 0,
        'throw_aways': 0,
        'total_efficiency': 0.5,
      }),
      'Meagan Doyle': dict({
        'assists': 0,
        'callahan': 0,
        'catches': 0,
        'completions': 0,
        'd_blocks': 0,
        'd_efficiency': 0.0,
        'd_points_against': 1,
        'd_points_for': 0,
        'drops': 0,
        'goals': 0,
        'o_efficiency': 1.0,
        'o_points_against': 0,
        'o_points_for': 1,
        'pay': 1000,
        'points_played': 2,
        'pulls': 0,
        'salary_per_point': 500,
        'second_assists': 0,
        'team': '99 Problems',
        'threw_drops': 0,
        'throw_aways': 0,
        'total_efficiency': 0.5,
      }),
      'Michelle Warren': dict({
        'assists': 0,
        'callahan': 0,
        'catches': 0,
        'completions': 0,
        'd_blocks': 0,
        'd_efficiency': 0.5,
        'd_points_against': 1,
        'd_points_for': 1,
        'drops': 0,
        'goals': 0,
        'o_efficiency': 0.0,
        'o_points_against': 0,
        'o_points_for': 0,
        'pay': 2000,
        'points_played': 2,
        'pulls': 0,
        'salary_per_point': 1000,
        'second_assists': 0,
        'team': '99 Problems',
        'threw_drops': 0,
        'throw_aways': 0,
        'total_efficiency': 0.5,
      }),
      'Patrick McKelvey': dict({
        'assists': 0,
        'callahan': 0,
        'catches': 1,
        'completions': 2,
        'd_blocks': 0,
        'd_efficiency': 0.0,
        'd_points_against': 0,
        'd_points_for': 0,
        'drops': 0,
        'goals': 0,
        'o_efficiency': 0.5,
        'o_points_against': 1,
        'o_points_for': 1,
        'pay': 10500,
        'points_played': 2,
        'pulls': 0,
        'salary_per_point': 5250,
        'second_assists': 1,
        'team': 'Kells Angels Bicycle Club',
        'threw_drops': 0,
        'throw_aways': 0,
        'total_efficiency': 0.5,
      }),
      'Richard Gregory': dict({
        'assists': 0,
        'callahan': 0,
        'catches': 0,
        'completions': 0,
        'd_blocks': 0,
        'd_efficiency': 0.0,
        'd_points_against': 1,
        'd_points_for': 0,
        'drops': 0,
        'goals': 0,
        'o_efficiency': 1.0,
        'o_points_against': 0,
        'o_points_for': 1,
        'pay': 1000,
        'points_played': 2,
        'pulls': 0,
        'salary_per_point': 500,
        'second_assists': 0,
        'team': '99 Problems',
        'threw_drops': 0,
        'throw_aways': 0,
        'total_efficiency': 0.5,
      }),
      'Rob Ives': dict({
        'assists': 0,
        'callahan': 0,
        'catches': 0,
        'completions': 0,
        'd_blocks': 0,
        'd_efficiency': 0.5,
        'd_points_against': 1,
        'd_points_for': 1,
        'drops': 0,
        'goals': 0,
        'o_efficiency': 0.0,
        'o_points_against': 0,
        'o_points_for': 0,
        'pay': 2000,
        'points_played': 2,
        'pulls': 0,
        'salary_per_point': 1000,
        'second_assists': 0,
        'team': '99 Problems',
        'threw_drops': 0,
        'throw_aways': 0,
        'total_efficiency': 0.5,
      }),
      'Sam Lee': dict({
        'assists': 0,
        'callahan': 0,
        'catches': 0,
        'completions': 0,
        'd_blocks': 0,
        'd_efficiency': 0.0,
        'd_points_against': 0,
        'd_points_for': 0,
        'drops': 0,
        'goals': 0,
        'o_efficiency': 0.5,
        'o_points_against': 1,
        'o_points_for': 1,
        'pay': 1000,
        'points_played': 2,
        'pulls': 0,
        'salary_per_point': 500,
        'second_assists': 0,
        'team': 'Kells Angels Bicycle Club',
        'threw_drops': 0,
        'throw_aways': 0,
        'total_efficiency': 0.5,
      }),
      'Scott Higgins': dict({
        'assists': 1,
        'callahan': 0,
        'catches': 1,
        'completions': 1,
        'd_blocks': 0,
        'd_efficiency': 0.0,
        'd_points_against': 1,
        'd_points_for': 0,
        'drops': 0,
        'goals': 0,
        'o_efficiency': 1.0,
        'o_points_against': 0,
        'o_points_for': 1,
        'pay': 12000,
        'points_played': 2,
        'pulls': 1,
        'salary_per_point': 6000,
        'second_assists': 0,
        'team': 'Kells Angels Bicycle Club',
        'threw_drops': 0,
        'throw_aways': 0,
        'total_efficiency': 0.5,
      }),
      'Simon Berry': dict({
        'assists': 0,
        'callahan': 0,
        'catches': 0,
        'completions': 0,
        'd_blocks': 0,
        'd_efficiency': 0.0,
        'd_points_against': 1,
        'd_points_for': 0,
        'drops': 0,
        'goals': 0,
        'o_efficiency': 0.0,
        'o_points_against': 0,
        'o_points_for': 0,
        'pay': 0,
        'points_played': 1,
        'pulls': 0,
        'salary_per_point': 0,
        'second_assists': 0,
        'team': '99 Problems',
        'threw_drops': 0,
        'throw_aways': 0,
        'total_efficiency': 0.0,
      }),
      'Tim Kealey': dict({
        'assists': 0,
        'callahan': 0,
        'catches': 0,
        'completions': 1,
        'd_blocks': 0,
        'd_efficiency': 0.0,
        'd_points_against': 0,
        'd_points_for': 0,
        'drops': 0,
        'goals': 0,
        'o_efficiency': 0.5,
        'o_points_against': 1,
        'o_points_for': 1,
        'pay': 1500,
        'points_played': 2,
        'pulls': 0,
        'salary_per_point': 750,
        'second_assists': 0,
        'team': 'Kells Angels Bicycle Club',
        'threw_drops': 0,
        'throw_aways': 0,
        'total_efficiency': 0.5,
      }),
    }),
    'week': 0,
  })
# ---
