exports[`test StatsTable renders correctly 1`] = `
<div
  className="griddle">
  <div
    className="top-section"
    style={null}>
    <div
      className="griddle-filter"
      style={null}>
      <input
        name="search"
        onChange={[Function bound searchChange]}
        placeholder="Search players or team ..."
        type="text"
        value="" />
    </div>
    <div
      className="griddle-settings-toggle"
      style={null}>
      
    </div>
  </div>
  
  <div
    className="griddle-container"
    style={null}>
    <div
      className="griddle-body">
      <div
        onScroll={[Function bound gridScroll]}
        style={null}>
        <table
          className="highlight responsive-table"
          style={null}>
          <thead>
            <tr
              className={null}
              style={Object {}}>
              <th
                className=""
                data-title="name"
                onClick={[Function anonymous]}
                style={Object {}}>
                <span>
                  Name
                </span>
              </th>
              <th
                className=""
                data-title="team"
                onClick={[Function anonymous]}
                style={Object {}}>
                <span>
                  Team
                </span>
              </th>
              <th
                className=""
                data-title="goals"
                onClick={[Function anonymous]}
                style={Object {}}>
                <span>
                  Goals
                </span>
              </th>
              <th
                className=""
                data-title="assists"
                onClick={[Function anonymous]}
                style={Object {}}>
                <span>
                  Assists
                </span>
              </th>
              <th
                className=""
                data-title="second_assists"
                onClick={[Function anonymous]}
                style={Object {}}>
                <span>
                  Second assists
                </span>
              </th>
              <th
                className=""
                data-title="d_blocks"
                onClick={[Function anonymous]}
                style={Object {}}>
                <span>
                  D blocks
                </span>
              </th>
              <th
                className=""
                data-title="catches"
                onClick={[Function anonymous]}
                style={Object {}}>
                <span>
                  Catches
                </span>
              </th>
              <th
                className=""
                data-title="completions"
                onClick={[Function anonymous]}
                style={Object {}}>
                <span>
                  Completions
                </span>
              </th>
              <th
                className=""
                data-title="throw_aways"
                onClick={[Function anonymous]}
                style={Object {}}>
                <span>
                  Throw aways
                </span>
              </th>
              <th
                className=""
                data-title="threw_drops"
                onClick={[Function anonymous]}
                style={Object {}}>
                <span>
                  Threw drops
                </span>
              </th>
              <th
                className=""
                data-title="drops"
                onClick={[Function anonymous]}
                style={Object {}}>
                <span>
                  Drops
                </span>
              </th>
              <th
                className=""
                data-title="SalaryDelta"
                onClick={[Function anonymous]}
                style={Object {}}>
                <span>
                  SalaryDelta
                </span>
              </th>
            </tr>
          </thead>
          <tbody>
            <tr
              className="standard-row"
              onClick={null}>
              <td
                className={undefined}
                onClick={[Function bound handleClick]}
                style={null}>
                
                Kevin Hughes
              </td>
              <td
                className={undefined}
                onClick={[Function bound handleClick]}
                style={null}>
                
                Like a Boss
              </td>
              <td
                className={undefined}
                onClick={[Function bound handleClick]}
                style={null}>
                
                2
              </td>
              <td
                className={undefined}
                onClick={[Function bound handleClick]}
                style={null}>
                
                1
              </td>
              <td
                className={undefined}
                onClick={[Function bound handleClick]}
                style={null}>
                
                1
              </td>
              <td
                className={undefined}
                onClick={[Function bound handleClick]}
                style={null}>
                
                1
              </td>
              <td
                className={undefined}
                onClick={[Function bound handleClick]}
                style={null}>
                
                17
              </td>
              <td
                className={undefined}
                onClick={[Function bound handleClick]}
                style={null}>
                
                19
              </td>
              <td
                className={undefined}
                onClick={[Function bound handleClick]}
                style={null}>
                
                1
              </td>
              <td
                className={undefined}
                onClick={[Function bound handleClick]}
                style={null}>
                
                0
              </td>
              <td
                className={undefined}
                onClick={[Function bound handleClick]}
                style={null}>
                
                0
              </td>
            </tr>
          </tbody>
          <tbody />
        </table>
      </div>
    </div>
  </div>
</div>
`;
