exports[`test App renders correctly 1`] = `
<div>
  <nav>
    <div
      className="nav-wrapper">
      <a
        className="brand-logo center hide-on-small-and-down"
        href="#">
        Parity 2.0
      </a>
      <a
        className="left sidebar-toggle"
        data-activates="sidebar"
        href="#">
        <i
          className="material-icons"
          style={
            Object {
              "paddingLeft": 10
            }
          }>
          menu
        </i>
      </a>
      <ul
        className="side-nav"
        id="sidebar">
        <div>
          <li>
            <div
              className="userView">
              <img
                role="presentation"
                src="logo.png"
                style={
                  Object {
                    "width": 240
                  }
                } />
            </div>
          </li>
          <li>
            <a
              onClick={[Function bound handleClick]}
              style={Object {}}>
              Raw Stats
            </a>
          </li>
          <li>
            <a
              onClick={[Function bound handleClick]}
              style={Object {}}>
              Leaderboards
            </a>
          </li>
          <li>
            <a
              onClick={[Function bound handleClick]}
              style={Object {}}>
              Compare Players
            </a>
          </li>
          <li>
            <a
              onClick={[Function bound handleClick]}
              style={Object {}}>
              Team Dashboard
            </a>
          </li>
          <li>
            <a
              onClick={[Function bound handleClick]}
              style={Object {}}>
              Trade Simulator
            </a>
          </li>
          <li>
            <div
              className="divider" />
          </li>
          <li>
            <a
              href="https://www.ocua.ca/forum/33"
              target="_blank">
              Forum
            </a>
          </li>
          <li>
            <a
              href="https://soundcloud.com/user-640277634/sets/parity-podcast-season-2/s-Hka7a"
              target="_blank">
              Podcast
            </a>
          </li>
          <li>
            <a
              href="https://docs.google.com/spreadsheets/d/1F46H8ZRGP8Jzj1zSW0PT8HerBZ_BlHI5T48A2vp34r0/edit?usp=sharing"
              target="_blank">
              Spreadsheets
            </a>
          </li>
          <li>
            <a
              href="https://github.com/kevinhughes27/parity-server"
              target="_blank">
              Source Code
            </a>
          </li>
        </div>
      </ul>
      <ul
        className="right">
        <span>
          <a
            className="dropdown-button"
            data-activates="dropdown_0">
            All
            <i
              className="material-icons right">
              arrow_drop_down
            </i>
          </a>
          <ul
            className="dropdown-content"
            id="dropdown_0">
            <li
              onClick={[Function onClick]}>
              <a
                href={undefined}>
                All
              </a>
            </li>
          </ul>
        </span>
      </ul>
    </div>
  </nav>
  <div
    style={
      Object {
        "alignItems": "center",
        "display": "flex",
        "height": "100%",
        "justifyContent": "center",
        "minHeight": "100%",
        "paddingBottom": "20%"
      }
    }>
    <div
      className="preloader-wrapper big active">
      <div
        className="spinner-layer spinner-blue">
        <div
          className="circle-clipper left">
          <div
            className="circle" />
        </div>
        <div
          className="gap-patch">
          <div
            className="circle" />
        </div>
        <div
          className="circle-clipper right">
          <div
            className="circle" />
        </div>
      </div>
      <div
        className="spinner-layer spinner-red">
        <div
          className="circle-clipper left">
          <div
            className="circle" />
        </div>
        <div
          className="gap-patch">
          <div
            className="circle" />
        </div>
        <div
          className="circle-clipper right">
          <div
            className="circle" />
        </div>
      </div>
      <div
        className="spinner-layer spinner-yellow">
        <div
          className="circle-clipper left">
          <div
            className="circle" />
        </div>
        <div
          className="gap-patch">
          <div
            className="circle" />
        </div>
        <div
          className="circle-clipper right">
          <div
            className="circle" />
        </div>
      </div>
      <div
        className="spinner-layer spinner-green">
        <div
          className="circle-clipper left">
          <div
            className="circle" />
        </div>
        <div
          className="gap-patch">
          <div
            className="circle" />
        </div>
        <div
          className="circle-clipper right">
          <div
            className="circle" />
        </div>
      </div>
    </div>
  </div>
</div>
`;
